** Drc report for andon_light_strip.kicad_pcb **
** Created on 2026-07-11T06:30:42+0800 **
** Report includes: Errors, Warnings **

** Found 0 DRC violations **

** Found 12 unconnected pads **
[unconnected_items]: Missing connection between items
    Local override; error
    @(2.3800 mm, 21.5000 mm): Zone [GND] on B.Cu, priority 0
    @(2.3800 mm, 21.5000 mm): Zone [GND] on B.Cu, priority 0
[unconnected_items]: Missing connection between items
    Local override; error
    @(19.3300 mm, 8.1300 mm): Pad 1 [GPIO1_to_R1] of U1 on F.Cu
    @(30.0000 mm, 11.9125 mm): Pad 1 [GPIO1_to_R1] of R1 on F.Cu
[unconnected_items]: Missing connection between items
    Local override; error
    @(30.0000 mm, 10.0875 mm): Pad 2 [R1_to_D1] of R1 on F.Cu
    @(52.9150 mm, 18.4500 mm): Pad 4 [R1_to_D1] of D1 on F.Cu
[unconnected_items]: Missing connection between items
    Local override; error
    @(51.0850 mm, 19.5500 mm): Pad 2 [D1_to_D2] of D1 on F.Cu
    @(72.9150 mm, 18.4500 mm): Pad 4 [D1_to_D2] of D2 on F.Cu
[unconnected_items]: Missing connection between items
    Local override; error
    @(71.0850 mm, 19.5500 mm): Pad 2 [D2_to_D3] of D2 on F.Cu
    @(92.9150 mm, 18.4500 mm): Pad 4 [D2_to_D3] of D3 on F.Cu
[unconnected_items]: Missing connection between items
    Local override; error
    @(91.0850 mm, 19.5500 mm): Pad 2 [D3_to_D4] of D3 on F.Cu
    @(112.9150 mm, 18.4500 mm): Pad 4 [D3_to_D4] of D4 on F.Cu
[unconnected_items]: Missing connection between items
    Local override; error
    @(111.0850 mm, 19.5500 mm): Pad 2 [D4_to_D5] of D4 on F.Cu
    @(132.9150 mm, 18.4500 mm): Pad 4 [D4_to_D5] of D5 on F.Cu
[unconnected_items]: Missing connection between items
    Local override; error
    @(131.0850 mm, 19.5500 mm): Pad 2 [D5_to_D6] of D5 on F.Cu
    @(152.9150 mm, 18.4500 mm): Pad 4 [D5_to_D6] of D6 on F.Cu
[unconnected_items]: Missing connection between items
    Local override; error
    @(151.0850 mm, 19.5500 mm): Pad 2 [D6_to_D7] of D6 on F.Cu
    @(172.9150 mm, 18.4500 mm): Pad 4 [D6_to_D7] of D7 on F.Cu
[unconnected_items]: Missing connection between items
    Local override; error
    @(171.0850 mm, 19.5500 mm): Pad 2 [D7_to_D8] of D7 on F.Cu
    @(192.9150 mm, 18.4500 mm): Pad 4 [D7_to_D8] of D8 on F.Cu
[unconnected_items]: Missing connection between items
    Local override; error
    @(191.0850 mm, 19.5500 mm): Pad 2 [D8_to_D9] of D8 on F.Cu
    @(212.9150 mm, 18.4500 mm): Pad 4 [D8_to_D9] of D9 on F.Cu
[unconnected_items]: Missing connection between items
    Local override; error
    @(211.0850 mm, 19.5500 mm): Pad 2 [D9_to_D10] of D9 on F.Cu
    @(232.9150 mm, 18.4500 mm): Pad 4 [D9_to_D10] of D10 on F.Cu

** Found 0 Footprint errors **

** End of Report **
